[deanattali.com/index.html]
[backblue.gif]
[fade.gif]
[index.html]
[deanattali.com/feed.xml]
[deanattali.com/css/bootstrap.min.css]
[deanattali.com/css/bootstrap-social.css]
[deanattali.com/css/main.css]
[deanattali.com/css/index.css]
[deanattali.com/img/deanimg.jpg]
[deanattali.com/img/big-imgs/costa-rica-house.jpg]
[deanattali.com/img/big-imgs/grouse-grind.jpg]
[deanattali.com/img/big-imgs/hawaii1.jpg]
[deanattali.com/img/big-imgs/hawaii2.jpg]
[deanattali.com/img/big-imgs/hongkong-cliff-dive.jpg]
[deanattali.com/img/big-imgs/hongkong-infinity-pool.jpg]
[deanattali.com/img/big-imgs/israel-dive1.jpg]
[deanattali.com/img/big-imgs/israel-dive2.jpg]
[deanattali.com/img/big-imgs/israel-dive3.jpg]
[deanattali.com/img/big-imgs/laos-pond2.jpg]
[deanattali.com/img/big-imgs/laos-pond1.jpg]
[deanattali.com/img/big-imgs/laos-pond3.jpg]
[deanattali.com/img/big-imgs/st-martin.jpg]
[deanattali.com/img/big-imgs/tanzania.jpg]
[deanattali.com/img/big-imgs/vietnam-beach.jpg]
[deanattali.com/img/big-imgs/vietnam-climb.jpg]
[deanattali.com/img/big-imgs/vietnam-climb2.jpg]
[deanattali.com/img/big-imgs/vietnam-dunes.jpg]
[deanattali.com/img/big-imgs/vietnam-dunes2.jpg]
[deanattali.com/img/big-imgs/vietnam-fruits.jpg]
[deanattali.com/img/big-imgs/vietnam-hat.jpg]
[deanattali.com/img/big-imgs/vietnam-jump.jpg]
[deanattali.com/img/big-imgs/vietnam-ricefield.jpg]
[deanattali.com/img/big-imgs/vietnam-scooter.jpg]
[deanattali.com/img/big-imgs/vietnam-walk.jpg]
[deanattali.com/img/big-imgs/california-skydive.jpg]
[deanattali.com/img/big-imgs/california-surf.jpg]
[deanattali.com/img/big-imgs/california-surf2.jpg]
[deanattali.com/img/big-imgs/california-surf3.jpg]
[deanattali.com/img/big-imgs/costa-rica.jpg]
[deanattali.com/img/big-imgs/rio-hanggliding.jpg]
[deanattali.com/img/big-imgs/hawaii-turtles.jpg]
[deanattali.com/cdn-cgi/l/email-protection.html]
[deanattali.com/blog/mutate-non-vectorized/index.html]
[deanattali.com/blog/cranalerts/index.html]
[deanattali.com/blog/shiny-use-cases-datacamp-course/index.html]
[deanattali.com/cdn-cgi/scripts/5c5dd728/cloudflare-static/email-decode.min.js]
[deanattali.com/blog/shinyalert-package/index.html]
[deanattali.com/blog/colourpicker-update-alpha/index.html]
[deanattali.com/blog/plot-colour-helper/index.html]
[deanattali.com/blog/user2017/index.html]
[deanattali.com/js/jquery-1.11.2.min.js]
[deanattali.com/blog/htmlwidgets-tips/index.html]
[deanattali.com/js/bootstrap.min.js]
[deanattali.com/blog/advanced-shiny-tips/index.html]
[deanattali.com/js/js.cookie.js]
[deanattali.com/blog/visualize-git-commits-time/index.html]
[deanattali.com/js/main.js]
[deanattali.com/index.html]
[deanattali.com/page2/index.html]
[deanattali.com/fonts/glyphicons-halflings-regular.eot]
[deanattali.com/fonts/glyphicons-halflings-regulard41d.eot]
[deanattali.com/fonts/glyphicons-halflings-regular.woff2]
[deanattali.com/fonts/glyphicons-halflings-regular.woff]
[deanattali.com/fonts/glyphicons-halflings-regular.ttf]
[deanattali.com/css/bootstrap.min.css]
[deanattali.com/css/bootstrap-social.css]
[deanattali.com/css/main.css]
[deanattali.com/css/index.css]
[deanattali.com/css/pygment_highlights.css]
[deanattali.com/shiny/index.html]
[deanattali.com/projects/index.html]
[deanattali.com/aboutme/index.html]
[deanattali.com/search/index.html]
[deanattali.com/popular/index.html]
[deanattali.com/tutorials/index.html]
[deanattali.com/tags/index.html]
[deanattali.com/fonts/glyphicons-halflings-regular.svg]
[deanattali.com/img/blog/cranalerts/screenshot.png]
[deanattali.com/img/blog/cranalerts/automation.png]
[deanattali.com/img/blog/cranalerts/nocss.png]
[deanattali.com/contact/index.html]
[deanattali.com/blog/cranalerts/index.html]
[deanattali.com/blog/cranalerts/projects/index.html]
[deanattali.com/blog/mutate-non-vectorized/index.html]
[deanattali.com/blog/mutate-non-vectorized/projects/index.html]
[deanattali.com/img/blog/datacamp-shiny-case-studies-logo.png]
[deanattali.com/blog/shiny-use-cases-datacamp-course/index.html]
[deanattali.com/blog/shiny-use-cases-datacamp-course/projects/index.html]
[deanattali.com/blog/shinyalert-package/index.html]
[deanattali.com/blog/shinyalert-package/projects/index.html]
[deanattali.com/img/blog/colourpicker-update-alpha/colourinputnew.png]
[deanattali.com/blog/colourpicker-update-alpha/index.html]
[deanattali.com/blog/colourpicker-update-alpha/projects/index.html]
[deanattali.com/img/blog/user2017/user2017.png]
[deanattali.com/img/blog/user2017/sched.png]
[deanattali.com/img/blog/user2017/scheddetails.png]
[deanattali.com/img/blog/user2017/type_vs_attendance.png]
[deanattali.com/colourpicker-user2017/index.html]
[deanattali.com/img/blog/user2017/time_vs_attendance.png]
[deanattali.com/img/blog/user2017/type_vs_attendance_ratio_by_room.png]
[deanattali.com/blog/user2017/index.html]
[deanattali.com/blog/user2017/projects/index.html]
[deanattali.com/blog/plot-colour-helper/index.html]
[deanattali.com/blog/plot-colour-helper/projects/index.html]
[deanattali.com/blog/htmlwidgets-tips/index.html]
[deanattali.com/blog/htmlwidgets-tips/projects/index.html]
[deanattali.com/blog/advanced-shiny-tips/index.html]
[deanattali.com/blog/advanced-shiny-tips/projects/index.html]
[deanattali.com/img/blog/git-commits-time/dean-commits-100.png]
[deanattali.com/img/blog/git-commits-time/dean-commits-6.png]
[deanattali.com/img/blog/git-commits-time/dean-density.png]
[deanattali.com/img/blog/git-commits-time/jenny-commits-100.png]
[deanattali.com/img/blog/git-commits-time/hadley-commits-100.png]
[deanattali.com/img/blog/git-commits-time/dean-days.png]
[deanattali.com/img/blog/git-commits-time/hadley-days.png]
[deanattali.com/blog/visualize-git-commits-time/index.html]
[deanattali.com/page2/index.html]
[deanattali.com/blog/visualize-git-commits-time/projects/index.html]
[deanattali.com/blog/addinslist-package/index.html]
[deanattali.com/cdn-cgi/l/email-protection.html]
[deanattali.com/blog/shiny-game-lightsout/index.html]
[deanattali.com/beautiful-jekyll/index.html]
[deanattali.com/fonts/glyphicons-halflings-regular.svg]
[deanattali.com/blog/ezknitr-package/index.html]
[deanattali.com/css/pygment_highlights.css]
[deanattali.com/blog/shiny-persistent-data-storage/index.html]
[deanattali.com/contact/index.html]
[deanattali.com/blog/building-shiny-apps-tutorial/index.html]
[deanattali.com/2015/06/28/introducing-shinyjs-colourinput/index.html]
[deanattali.com/blog/cranalerts/projects/index.html]
[deanattali.com/2015/06/14/mimicking-google-form-shiny/index.html]
[deanattali.com/blog/mutate-non-vectorized/projects/index.html]
[deanattali.com/2015/05/31/shinyjs-extend/index.html]
[deanattali.com/blog/shiny-use-cases-datacamp-course/projects/index.html]
[deanattali.com/blog/shinyalert-package/projects/index.html]
[deanattali.com/blog/colourpicker-update-alpha/projects/index.html]
[deanattali.com/colourpicker-user2017/index.html]
[deanattali.com/2015/05/17/analyzing-rbloggers-posts-via-twitter/index.html]
[deanattali.com/blog/user2017/projects/index.html]
[deanattali.com/blog/plot-colour-helper/projects/index.html]
[deanattali.com/blog/htmlwidgets-tips/projects/index.html]
[deanattali.com/blog/advanced-shiny-tips/projects/index.html]
[deanattali.com/page3/index.html]
[deanattali.com/2015/05/09/setup-rstudio-shiny-server-digital-ocean/index.html]
[deanattali.com/colourpicker-user2017/projects/index.html]
[deanattali.com/blog/addinslist-package/index.html]
[deanattali.com/blog/visualize-git-commits-time/projects/index.html]
[deanattali.com/blog/addinslist-package/projects/index.html]
[deanattali.com/img/blog/lightsout/shinyapp.png]
[deanattali.com/img/blog/lightsout/instructions.png]
[deanattali.com/blog/shiny-game-lightsout/index.html]
[deanattali.com/blog/shiny-game-lightsout/projects/index.html]
[deanattali.com/blog/ezknitr-package/index.html]
[deanattali.com/img/blog/shiny-tutorial/shiny-addplot.png]
[deanattali.com/blog/ezknitr-package/projects/index.html]
[deanattali.com/img/blog/shiny-tutorial/shiny-runapp.png]
[deanattali.com/img/blog/shiny-tutorial/shiny-stopapp.png]
[deanattali.com/files/bcl-data.csv]
[deanattali.com/img/blog/shiny-tutorial/shiny-layout.png]
[deanattali.com/img/blog/shiny-tutorial/shiny-inputs.png]
[deanattali.com/img/blog/shiny-tutorial/shiny-addinputs.png]
[deanattali.com/img/blog/shiny-tutorial/shiny-publish.png]
[deanattali.com/blog/building-shiny-apps-tutorial/index.html]
[deanattali.com/blog/building-shiny-apps-tutorial/projects/index.html]
[deanattali.com/blog/shiny-persistent-data-storage/index.html]
[deanattali.com/blog/shiny-persistent-data-storage/projects/index.html]
[deanattali.com/img/blog/colourInput/colourInputDemo.png]
[deanattali.com/img/blog/colourInput/colourInputDemo.gif]
[deanattali.com/img/blog/colourInput/allowTransparent.png]
[deanattali.com/img/blog/colourInput/showColour.png]
[deanattali.com/img/blog/colourInput/limited-palette.png]
[deanattali.com/2015/06/28/introducing-shinyjs-colourinput/index.html]
[deanattali.com/img/blog/mimic-google-form-shiny/mimic-google-form-shiny-final.png]
[deanattali.com/2015/06/28/introducing-shinyjs-colourinput/projects/index.html]
[deanattali.com/2015/06/14/mimicking-google-form-shiny/index.html]
[deanattali.com/2015/06/14/mimicking-google-form-shiny/projects/index.html]
[deanattali.com/img/blog/shinyjs-improvements/reset-demo.gif]
[deanattali.com/img/blog/shinyjs-improvements/extendshinyjs-demo.gif]
[deanattali.com/img/blog/shinyjs-improvements/extendshinyjs-params.gif]
[deanattali.com/2015/05/31/shinyjs-extend/index.html]
[deanattali.com/2015/05/31/shinyjs-extend/projects/index.html]
[deanattali.com/img/blog/rbloggers-twitter/all-tweets-top-10.png]
[deanattali.com/img/blog/rbloggers-twitter/tweets-score.png]
[deanattali.com/img/blog/rbloggers-twitter/posts-top-10.png]
[deanattali.com/img/blog/rbloggers-twitter/posts-per-blog.png]
[deanattali.com/img/blog/rbloggers-twitter/score-per-day.png]
[deanattali.com/img/blog/rbloggers-twitter/wordcloud.png]
[deanattali.com/2015/05/17/analyzing-rbloggers-posts-via-twitter/index.html]
[deanattali.com/2015/05/17/analyzing-rbloggers-posts-via-twitter/projects/index.html]
[deanattali.com/img/blog/digital-ocean/rstudio.png]
[deanattali.com/img/blog/digital-ocean/do-create.gif]
[deanattali.com/img/blog/digital-ocean/login.png]
[deanattali.com/img/blog/digital-ocean/R-welcome.png]
[deanattali.com/img/blog/digital-ocean/shiny.png]
[deanattali.com/img/blog/digital-ocean/git-repo-create.png]
[deanattali.com/img/blog/digital-ocean/git-repo-url.png]
[deanattali.com/2015/05/09/setup-rstudio-shiny-server-digital-ocean/index.html]
[deanattali.com/page3/index.html]
[deanattali.com/2015/05/09/setup-rstudio-shiny-server-digital-ocean/projects/index.html]
[deanattali.com/colourpicker-user2017/projects/index.html]
[deanattali.com/2015/04/21/r-package-shiny-app/index.html]
[deanattali.com/2015/04/02/flake-it-till-you-make-it/index.html]
[deanattali.com/blog/addinslist-package/projects/index.html]
[deanattali.com/blog/shiny-game-lightsout/projects/index.html]
[deanattali.com/2015/03/24/knitrs-best-hidden-gem-spin/index.html]
[deanattali.com/blog/ezknitr-package/projects/index.html]
[deanattali.com/blog/building-shiny-apps-tutorial/projects/index.html]
[deanattali.com/blog/shiny-persistent-data-storage/projects/index.html]
[deanattali.com/2015/06/28/introducing-shinyjs-colourinput/projects/index.html]
[deanattali.com/2015/06/14/mimicking-google-form-shiny/projects/index.html]
[deanattali.com/2015/04/23/shinyjs-r-package/index.html]
[deanattali.com/shinyjs/index.html]
[deanattali.com/2015/05/31/shinyjs-extend/projects/index.html]
[deanattali.com/2015/05/17/analyzing-rbloggers-posts-via-twitter/projects/index.html]
[deanattali.com/2015/05/09/setup-rstudio-shiny-server-digital-ocean/projects/index.html]
[deanattali.com/2015/03/29/ggExtra-r-package/index.html]
[deanattali.com/2015/03/12/beautiful-jekyll-how-to-build-a-site-in-minutes/index.html]
[deanattali.com/img/blog/ggExtra/ggmarginal-basic-example.png]
[deanattali.com/2015/03/09/I-finally-have-a-site/index.html]
[deanattali.com/2015/04/21/r-package-shiny-app/index.html]
[deanattali.com/2015/04/21/r-package-shiny-app/projects/index.html]
[deanattali.com/img/blog/flake-it/path.jpg]
[deanattali.com/2015/04/02/flake-it-till-you-make-it/index.html]
[deanattali.com/2015/04/02/flake-it-till-you-make-it/projects/index.html]
[deanattali.com/img/blog/ggExtra/ggmarginal-idea.png]
[deanattali.com/img/blog/ggExtra/ggmarginal-idea-problems.png]
[deanattali.com/img/blog/ggExtra/ggmarginal-complex-example.png]
[deanattali.com/2015/03/29/ggExtra-r-package/index.html]
[deanattali.com/2015/03/29/ggExtra-r-package/projects/index.html]
[deanattali.com/img/blog/beautiful-jekyll.png]
[deanattali.com/img/blog/namecheap-settings.png]
[deanattali.com/2015/03/12/beautiful-jekyll-how-to-build-a-site-in-minutes/index.html]
[deanattali.com/2015/03/12/beautiful-jekyll-how-to-build-a-site-in-minutes/projects/index.html]
[deanattali.com/img/blog/2014-family-livingroom.jpg]
[deanattali.com/2015/03/09/I-finally-have-a-site/index.html]
[deanattali.com/2015/04/21/r-package-shiny-app/projects/index.html]
[deanattali.com/2015/04/02/flake-it-till-you-make-it/projects/index.html]
[deanattali.com/2015/03/29/ggExtra-r-package/projects/index.html]
[deanattali.com/2015/03/12/beautiful-jekyll-how-to-build-a-site-in-minutes/projects/index.html]
[deanattali.com/2015/03/09/I-finally-have-a-site/projects/index.html]
[deanattali.com/2015/03/09/I-finally-have-a-site/projects/index.html]
